// Jest Snapshot v1, https://goo.gl/fbAQLP

exports[`<App /> render 1`] = `
<h1>
  Perfectly simple Webpack 2 setup
</h1>
`;
